◇ injected env (11) from .env // tip: ⌘ custom filepath { path: '/custom/path/.env' }
◇ injected env (0) from .env // tip: ⌘ enable debugging { debug: true }
✅ MongoDB Connected: ac-a1ycpnn-shard-00-02.drpztk6.mongodb.net
PASS :: S-1 purge leftovers :: clean already
📡 [GoService] Using Base URL: http://127.0.0.1:7860 (concurrency=3)
PASS :: S0 db+modules load :: mongo connected, 12 modules required
PASS :: S1 register P1+P2 :: class=FIGHTER zeni=1000
PASS :: S2 XP curve 200*L^2 :: L10=20000 L100=2000000
PASS :: S2b base stats + level :: class=FIGHTER hp=120 atk=12
PASS :: S3 claimDaily :: {"success":true,"message":"🎁 *DAILY REWARD CLAIMED!*\n\n━━━━━━━━━━━━━━━\n💰 *Reward:* +Ꞩ2,000\n*Total:* +Ꞩ2,000\n━━━━━━
PASS :: S4 wallet add/remove :: bal 53000 -> 52000
PASS :: S5 addItem+equip :: equip ok; equipStats atk bonus present=true
PASS :: S6 initAdventure solo F-rank :: active=true inCombat=false encounter=0/3
[GoService] Health: ✅ {"engine":"synchronous","status":"ready"}
[Quest] nextStage triggered for 120399988877660@g.us_19998887761@s.whatsapp.net. isProcessing: false, Encounter: 0/3
[GoService] Combat image: 180815 bytes in 0.39s
[GoService] Combat image: 180856 bytes in 0.22s
[GoService] Combat image: 180759 bytes in 0.23s
[GoService] Combat image: 180453 bytes in 0.15s
[Quest] Combat ended. Victory: true, Encounter: 1/3
PASS :: S6b combat loop to victory :: iters=5 inCombat=false
[Quest] nextStage triggered for 120399988877660@g.us_19998887761@s.whatsapp.net. isProcessing: false, Encounter: 1/3
[GoService] Combat image: 180842 bytes in 0.16s
[Quest] nextStage triggered for 120399988877661@g.us_19998887761@s.whatsapp.net. isProcessing: false, Encounter: 0/3
[GoService] Combat image: 95704 bytes in 0.21s
[GoService] Combat image: 95704 bytes in 0.15s
[GoService] Combat image: 95510 bytes in 0.20s
[GoService] Combat image: 95441 bytes in 0.21s
[GoService] Combat image: 95362 bytes in 0.19s
[GoService] Combat image: 95315 bytes in 0.19s
[Quest] Combat ended. Victory: true, Encounter: 1/3
FAIL :: S7 def leak: fight, defend, HP drops a little :: no small HP leak observed while defending (def still full-blocks or flow off) @     at /home/ubuntu/whatsapp-bot/scripts/e2e_journey.js:237:25
   [last bot msgs] <text> ⚔️ *YOUR TURN* ⚔️ *E2EH chilling* ❤️ 19/126 HP ⚡ 112/112 EN  || <image> 🏆 *VICTORY!* 🏆  🎁 *REWARDS* 💰 Ꞩ900 Zeni ⭐ 138 XP  🛡️ *S || <text> ⚔️ E2EH chilling: Strikes 🔥 Flame for *11* damage! ⚡ *OVERK
PASS :: S8 abyss startRun (leveled hero) :: lvl=40 floor=1 encounter=combat
[GoService] Combat image: 113130 bytes in 0.20s
[GoService] Combat image: 112963 bytes in 0.19s
[Quest] Combat ended. Victory: true, Encounter: 1/1
[GoService] Combat image: 113130 bytes in 0.16s
[GoService] Combat image: 115450 bytes in 0.19s
[GoService] Combat image: 115315 bytes in 0.21s
[Quest] Combat ended. Victory: true, Encounter: 1/1
[GoService] Combat image: 115450 bytes in 0.14s
PASS :: S8b abyss drive to floor 4 :: reached floor 4
[GoService] Combat image: 114163 bytes in 0.14s
PASS :: S9 MID-COMBAT retreat (defuse contract) :: extracted from floor 4, loot 974 kept, re-enter OK
PASS :: S10 allocateStatPoint :: {"success":true,"stat":"ATK","pointsSpent":2,"valueGained":6,"remainingPoints":223}
PASS :: S11 skill tree :: class=FIGHTER pts=48 skills=9 abilities=9
PASS :: S12 craft leg :: recipes=247 first=steel_sabre canCraft={"canCraft":false,"reason":"Missing ingredients:\n- Iron Swo craft=OK 
PASS :: S13 rune leg :: created=true inventoryCount=1
PASS :: S14 summon create+deploy :: species=slime id=6aa8c67bce07a617253d1a43 active=false
[GoService] Combat image (direct): 109516 bytes in 0.2s
PASS :: S15 pvp challenge->accept->attack :: duel driven 1 actions ended=true
PASS :: S16 leaderboards read-only :: abyssLb=657ch progLb=531ch
PASS :: S17 ABYSS_RESULT card via Go svc :: ABYSS_RESULT 147966B

===== E2E REPORT: 21/22 PASS =====
FAILED: S7 def leak: fight, defend, HP drops a little :: no small HP leak observed while defending (def still full-blocks or flow off) @     at /home/ubuntu/whatsapp-bot/scripts/e2e_journey.js:237:25
sock messages captured: 66
CLEANUP removed: abyssruns:1, abyssleaderboards:2, summons:1, settlements:4, runes:1, users:2
