◇ injected env (11) from .env // tip: ⌘ custom filepath { path: '/custom/path/.env' }
◇ injected env (0) from .env // tip: ⌘ multiple files { path: ['.env.local', '.env'] }
✅ MongoDB Connected: ac-a1ycpnn-shard-00-01.drpztk6.mongodb.net
PASS :: S-1 purge leftovers :: abyssruns:1, abyssleaderboards:1, summons:1, settlements:3, runes:1, users:2
📡 [GoService] Using Base URL: http://127.0.0.1:7860 (concurrency=3)
PASS :: S0 db+modules load :: mongo connected, 12 modules required
PASS :: S1 register P1+P2 :: class=SCOUT zeni=1000
PASS :: S2 XP curve 200*L^2 :: L10=20000 L100=2000000
PASS :: S2b base stats + level :: class=SCOUT hp=90 atk=10
PASS :: S3 claimDaily :: {"success":true,"message":"🎁 *DAILY REWARD CLAIMED!*\n\n━━━━━━━━━━━━━━━\n💰 *Reward:* +Ꞩ2,000\n*Total:* +Ꞩ2,000\n━━━━━━
PASS :: S4 wallet add/remove :: bal 53000 -> 52000
PASS :: S5 addItem+equip :: equip ok; equipStats atk bonus present=true
PASS :: S6 initAdventure solo F-rank :: active=true inCombat=false encounter=0/3
[GoService] Health: ✅ {"engine":"synchronous","status":"ready"}
PASS :: S6b combat loop to victory :: combat never started (active=true)
FAIL :: S7 def leak: fight, defend, HP drops a little :: second quest did not enter combat within 25s @     at /home/ubuntu/whatsapp-bot/scripts/e2e_journey.js:213:36
   [last bot msgs] <text> ┏━━━━━━━━━━━━┓ ┃ 🏪 PRE-RAID  ┃ ┗━━━━━━━━━━━━┛  Shop closes  || <text> ┏━━━━━━━━━━━━┓ ┃ 🏪 PRE-RAID  ┃ ┗━━━━━━━━━━━━┛  Shop closes 
PASS :: S8 abyss startRun :: floor=1 encounter=combat
[GoService] Combat image: 112815 bytes in 0.17s
[GoService] Combat image: 112777 bytes in 0.18s
[GoService] Combat image: 112753 bytes in 0.15s
[GoService] Combat image: 112828 bytes in 0.14s
[GoService] Combat image: 112816 bytes in 0.15s
[GoService] Combat image: 112741 bytes in 0.09s
[GoService] Combat image: 112699 bytes in 0.15s
[GoService] Combat image: 112623 bytes in 0.48s
[Quest] Combat ended. Victory: false, Encounter: 1/1
FAIL :: S8b abyss drive to floor 4 :: getRunStatus null; raw docs: [{"status":"failed","floor":1}] @     at /home/ubuntu/whatsapp-bot/scripts/e2e_journey.js:262:15
   [last bot msgs] <image> 🎮 *TURN 13* ——————————— ⚡ *E2EH chilling* uses *Basic Attac || <image> 💀 *PARTY WIPED* 💀  _The party falls into darkness..._  💀  || <image> 💀 Defeated on Abyss floor 1! 💀 *YOU DIED IN THE ABYSS*  🕳
FAIL :: S9 MID-COMBAT retreat (defuse contract) :: run vanished before retreat test @     at /home/ubuntu/whatsapp-bot/scripts/e2e_journey.js:304:23
   [last bot msgs] <image> 🎮 *TURN 13* ——————————— ⚡ *E2EH chilling* uses *Basic Attac || <image> 💀 *PARTY WIPED* 💀  _The party falls into darkness..._  💀  || <image> 💀 Defeated on Abyss floor 1! 💀 *YOU DIED IN THE ABYSS*  🕳
PASS :: S10 allocateStatPoint :: {"success":true,"stat":"ATK","pointsSpent":2,"valueGained":6,"remainingPoints":18}
PASS :: S11 skill tree :: class=SCOUT pts=5 skills=9 abilities=9
PASS :: S12 craft leg :: recipes=247 first=steel_sabre canCraft={"canCraft":false,"reason":"Missing ingredients:\n- Iron Swo craft=OK 
PASS :: S13 rune leg :: created=true inventoryCount=1
PASS :: S14 summon create+deploy :: species=slime id=6aa8c55a760d2996936a44f1 active=false
[GoService] Combat image (direct): 109749 bytes in 0.3s
[GoService] Combat image (direct): 110023 bytes in 0.4s
[GoService] Combat image (direct): 109892 bytes in 0.2s
[GoService] Combat image (direct): 109925 bytes in 0.2s
[GoService] Combat image (direct): 109777 bytes in 0.3s
[GoService] Combat image (direct): 110108 bytes in 0.5s
[GoService] Combat image (direct): 109946 bytes in 0.2s
[GoService] Combat image (direct): 110029 bytes in 0.2s
[GoService] Combat image (direct): 109964 bytes in 0.2s
[GoService] Combat image (direct): 109781 bytes in 0.2s
[GoService] Combat image (direct): 109554 bytes in 0.2s
PASS :: S15 pvp challenge->accept->attack :: duel driven 6 actions ended=true
PASS :: S16 leaderboards read-only :: abyssLb=327ch progLb=524ch
PASS :: S17 ABYSS_RESULT card via Go svc :: ABYSS_RESULT 147966B

===== E2E REPORT: 19/22 PASS =====
FAILED: S7 def leak: fight, defend, HP drops a little :: second quest did not enter combat within 25s @     at /home/ubuntu/whatsapp-bot/scripts/e2e_journey.js:213:36
FAILED: S8b abyss drive to floor 4 :: getRunStatus null; raw docs: [{"status":"failed","floor":1}] @     at /home/ubuntu/whatsapp-bot/scripts/e2e_journey.js:262:15
FAILED: S9 MID-COMBAT retreat (defuse contract) :: run vanished before retreat test @     at /home/ubuntu/whatsapp-bot/scripts/e2e_journey.js:304:23
sock messages captured: 32
[Quest] nextStage triggered for 120399988877660@g.us_19998887761@s.whatsapp.net. isProcessing: false, Encounter: 0/3
[GoService] Combat image: 113812 bytes in 0.14s
CLEANUP removed: abyssruns:1, abyssleaderboards:1
] nextStage triggered for 120399988877660@g.us_19998887761@s.whatsapp.net. isProcessing: false, Encounter: 0/3
[GoService] Combat image: 185174 bytes in 0.52s
[Quest] nextStage triggered for 120399988877661@g.us_19998887761@s.whatsapp.net. isProcessing: false, Encounter: 0/3
[GoService] Combat image: 177298 bytes in 0.23s
CLEANUP removed: abyssruns:1, abyssleaderboards:1, summons:2, settlements:2, runes:1, users:2
