◇ injected env (11) from .env // tip: ⌘ enable debugging { debug: true }
◇ injected env (0) from .env // tip: ⌘ multiple files { path: ['.env.local', '.env'] }
✅ MongoDB Connected: ac-a1ycpnn-shard-00-02.drpztk6.mongodb.net
📡 [GoService] Using Base URL: http://127.0.0.1:7860 (concurrency=3)
PASS :: S0 db+modules load :: mongo connected, 12 modules required
PASS :: S1 register P1+P2 :: class=SCOUT zeni=1000
PASS :: S2 XP curve 200*L^2 :: L10=20000 L100=2000000
PASS :: S2b base stats + level :: class=SCOUT hp=90 atk=10
PASS :: S3 claimDaily :: {"success":true,"message":"🎁 *DAILY REWARD CLAIMED!*\n\n━━━━━━━━━━━━━━━\n💰 *Reward:* +Ꞩ2,000\n*Total:* +Ꞩ2,000\n━━━━━━
PASS :: S4 wallet add/remove :: bal 53000 -> 52000
PASS :: S5 addItem+equip :: equip ok; equipStats atk bonus present=true
[GoService] Health: ✅ {"engine":"synchronous","status":"ready"}
FAIL :: S6 initAdventure solo :: no game state after initAdventure @     at /home/ubuntu/whatsapp-bot/scripts/e2e_journey.js:151:20
PASS :: S6b combat loop to victory :: iters=0 inCombat=no-state
FAIL :: S7 def leak: fight, defend, HP drops a little :: no state for second quest @     at /home/ubuntu/whatsapp-bot/scripts/e2e_journey.js:168:20
PASS :: S8 abyss startRun :: floor=1 encounter=treasure
[GoService] Combat image: 114038 bytes in 0.27s
[GoService] Combat image: 113989 bytes in 0.15s
[GoService] Combat image: 113916 bytes in 0.15s
[Quest] Combat ended. Victory: false, Encounter: 1/1
FAIL :: S8b abyss drive to floor 4 :: Cannot read properties of null (reading 'run') @     at /home/ubuntu/whatsapp-bot/scripts/e2e_journey.js:217:26
   [last bot msgs] <text> 🗡️ E2EH chilling: Strikes 👾 SHADOW STALKER for *7* damage! || <image> 🎮 *TURN 4* ——————————— ⚡ *E2EH chilling* uses *Basic Attack || <image> 💀 *PARTY WIPED* 💀  _The party falls into darkness..._  💀 
FAIL :: S9 MID-COMBAT retreat (defuse contract) :: Cannot read properties of null (reading 'run') @     at /home/ubuntu/whatsapp-bot/scripts/e2e_journey.js:255:24
   [last bot msgs] <text> 🗡️ E2EH chilling: Strikes 👾 SHADOW STALKER for *7* damage! || <image> 🎮 *TURN 4* ——————————— ⚡ *E2EH chilling* uses *Basic Attack || <image> 💀 *PARTY WIPED* 💀  _The party falls into darkness..._  💀 
PASS :: S10 allocateStatPoint :: {"success":true,"stat":"ATK","pointsSpent":2,"valueGained":6,"remainingPoints":18}
PASS :: S11 skill tree :: class=SCOUT pts="19998887761@s.whatsapp.netNaN" skills=9 abilities=9
PASS :: S12 craft leg :: recipes=247 first=steel_sabre canCraft={"canCraft":false,"reason":"Missing ingredients:\n- Iron Swo craft=OK 
FAIL :: S13 rune leg :: Invalid rune tier: 1 @     at Object.createRune (/home/ubuntu/whatsapp-bot/core/rpg/runeSystem.js:482:32)
   [last bot msgs] <text> 🗡️ E2EH chilling: Strikes 👾 SHADOW STALKER for *7* damage! || <image> 🎮 *TURN 4* ——————————— ⚡ *E2EH chilling* uses *Basic Attack || <image> 💀 *PARTY WIPED* 💀  _The party falls into darkness..._  💀 
PASS :: S14 summon create+deploy :: species=slime id=6aa8c04a495de5a15b6770f3 active=false
[GoService] Combat image (direct): 109534 bytes in 0.2s
[GoService] Combat image (direct): 109491 bytes in 0.2s
[GoService] Combat image (direct): 109483 bytes in 0.2s
[GoService] Combat image (direct): 109596 bytes in 0.2s
[GoService] Combat image (direct): 109477 bytes in 0.2s
[GoService] Combat image (direct): 109858 bytes in 0.7s
[GoService] Combat image (direct): 109607 bytes in 0.2s
PASS :: S15 pvp challenge->accept->attack :: duel driven 4 actions ended=true
PASS :: S16 leaderboards read-only :: abyssLb=327ch progLb=524ch
PASS :: S17 ABYSS_RESULT card via Go svc :: ABYSS_RESULT 147966B

===== E2E REPORT: 16/21 PASS =====
FAILED: S6 initAdventure solo :: no game state after initAdventure @     at /home/ubuntu/whatsapp-bot/scripts/e2e_journey.js:151:20
FAILED: S7 def leak: fight, defend, HP drops a little :: no state for second quest @     at /home/ubuntu/whatsapp-bot/scripts/e2e_journey.js:168:20
FAILED: S8b abyss drive to floor 4 :: Cannot read properties of null (reading 'run') @     at /home/ubuntu/whatsapp-bot/scripts/e2e_journey.js:217:26
FAILED: S9 MID-COMBAT retreat (defuse contract) :: Cannot read properties of null (reading 'run') @     at /home/ubuntu/whatsapp-bot/scripts/e2e_journey.js:255:24
FAILED: S13 rune leg :: Invalid rune tier: 1 @     at Object.createRune (/home/ubuntu/whatsapp-bot/core/rpg/runeSystem.js:482:32)
sock messages captured: 11
CLEANUP removed: abyssruns:1, abyssleaderboards:1, summons:1, settlements:4, users:2
