◇ injected env (11) from .env // tip: ⌁ auth for agents [www.vestauth.com]
◇ injected env (0) from .env // tip: ⌘ suppress logs { quiet: true }
✅ MongoDB Connected: ac-a1ycpnn-shard-00-01.drpztk6.mongodb.net
PASS :: S-1 purge leftovers :: clean already
📡 [GoService] Using Base URL: http://127.0.0.1:7860 (concurrency=3)
PASS :: S0 db+modules load :: mongo connected, 12 modules required
PASS :: S1 register P1+P2 :: class=FIGHTER zeni=1000
PASS :: S2 XP curve 200*L^2 :: L10=20000 L100=2000000
PASS :: S2b base stats + level :: class=FIGHTER hp=120 atk=12
PASS :: S3 claimDaily :: {"success":true,"message":"🎁 *DAILY REWARD CLAIMED!*\n\n━━━━━━━━━━━━━━━\n💰 *Reward:* +Ꞩ2,000\n*Total:* +Ꞩ2,000\n━━━━━━
PASS :: S4 wallet add/remove :: bal 53000 -> 52000
PASS :: S5 addItem+equip :: equip ok; equipStats atk bonus present=true
PASS :: S6 initAdventure solo F-rank :: active=true inCombat=false encounter=0/3
[GoService] Health: ✅ {"engine":"synchronous","status":"ready"}
[Quest] nextStage triggered for 120399988877660@g.us_19998887761@s.whatsapp.net. isProcessing: false, Encounter: 0/3
[GoService] Combat image: 103360 bytes in 0.20s
[GoService] Combat image: 103335 bytes in 0.20s
[GoService] Combat image: 103232 bytes in 0.15s
[GoService] Combat image: 102980 bytes in 0.15s
[GoService] Combat image: 103013 bytes in 0.14s
[GoService] Combat image: 99537 bytes in 0.15s
[GoService] Combat image: 96014 bytes in 0.14s
[GoService] Combat image: 95886 bytes in 0.14s
[GoService] Combat image: 95595 bytes in 0.14s
[Quest] Combat ended. Victory: false, Encounter: 1/3
PASS :: S6b combat loop to victory :: iters=9 inCombat=no-state
FAIL :: S7 def leak: defend-shield leaks ~2%, ability-shield full absorbs :: ability shield leaked (max=1) — full absorb broken @     at /home/ubuntu/whatsapp-bot/scripts/e2e_journey.js:222:28
   [last bot msgs] <text> ⚔️ E2EH chilling: Strikes 🔥 Flame for *12* damage! || <image> 🎮 *TURN 15* ——————————— ⚡ *E2EH chilling* uses *Basic Attac || <image> 💀 *PARTY WIPED* 💀  _The party falls into darkness..._  💀 
PASS :: S8 abyss startRun (leveled hero) :: lvl=40 floor=1 encounter=wild_summon
[GoService] Combat image: 114608 bytes in 0.17s
[Quest] Combat ended. Victory: true, Encounter: 1/1
[GoService] Combat image: 114608 bytes in 0.19s
[GoService] Combat image: 116205 bytes in 0.16s
[GoService] Combat image: 116021 bytes in 0.19s
[Quest] Combat ended. Victory: true, Encounter: 1/1
[GoService] Combat image: 116205 bytes in 0.17s
[GoService] Combat image: 114254 bytes in 0.19s
[GoService] Combat image: 113992 bytes in 0.19s
[Quest] Combat ended. Victory: true, Encounter: 1/1
[GoService] Combat image: 114254 bytes in 0.18s
[GoService] Combat image: 114594 bytes in 0.15s
[GoService] Combat image: 114446 bytes in 0.14s
[Quest] Combat ended. Victory: true, Encounter: 1/1
PASS :: S8b abyss drive to floor 4 :: reached floor 4
[GoService] Combat image: 114594 bytes in 0.17s
[GoService] Combat image: 116524 bytes in 0.20s
PASS :: S9 MID-COMBAT retreat (defuse contract) :: extracted from floor 5, loot 424 kept, re-enter OK
PASS :: S10 allocateStatPoint :: {"success":true,"stat":"ATK","pointsSpent":2,"valueGained":6,"remainingPoints":223}
PASS :: S11 skill tree :: class=FIGHTER pts=48 skills=9 abilities=9
PASS :: S12 craft leg :: recipes=247 first=steel_sabre canCraft={"canCraft":false,"reason":"Missing ingredients:\n- Iron Swo craft=OK 
PASS :: S13 rune leg :: created=true inventoryCount=1
PASS :: S14 summon create+deploy :: species=slime id=6aa8c74aef424667069c14a8 active=false
[GoService] Combat image (direct): 110449 bytes in 0.2s
PASS :: S15 pvp challenge->accept->attack :: duel driven 1 actions ended=true
PASS :: S16 leaderboards read-only :: abyssLb=657ch progLb=531ch
PASS :: S17 ABYSS_RESULT card via Go svc :: ABYSS_RESULT 147966B

===== E2E REPORT: 21/22 PASS =====
FAILED: S7 def leak: defend-shield leaks ~2%, ability-shield full absorbs :: ability shield leaked (max=1) — full absorb broken @     at /home/ubuntu/whatsapp-bot/scripts/e2e_journey.js:222:28
sock messages captured: 73
CLEANUP removed: abyssruns:1, abyssleaderboards:2, summons:1, settlements:4, runes:1, users:2
